// Jest Snapshot v1, https://goo.gl/fbAQLP

exports[`<Star /> Should have three MdStar elements 1`] = `
<star
  starCount={3}
>
  <div>
    <MdStar
      key="0"
    >
      <IconBase
        viewBox="0 0 40 40"
      >
        <svg
          fill="currentColor"
          height="1em"
          preserveAspectRatio="xMidYMid meet"
          style={
            Object {
              "color": undefined,
              "verticalAlign": "middle",
            }
          }
          viewBox="0 0 40 40"
          width="1em"
        >
          <g>
            <path
              d="m20 28.8l-10.3 6.2 2.7-11.7-9-7.9 11.9-1 4.7-11 4.7 11 11.9 1-9 7.9 2.7 11.7z"
            />
          </g>
        </svg>
      </IconBase>
    </MdStar>
    <MdStar
      key="1"
    >
      <IconBase
        viewBox="0 0 40 40"
      >
        <svg
          fill="currentColor"
          height="1em"
          preserveAspectRatio="xMidYMid meet"
          style={
            Object {
              "color": undefined,
              "verticalAlign": "middle",
            }
          }
          viewBox="0 0 40 40"
          width="1em"
        >
          <g>
            <path
              d="m20 28.8l-10.3 6.2 2.7-11.7-9-7.9 11.9-1 4.7-11 4.7 11 11.9 1-9 7.9 2.7 11.7z"
            />
          </g>
        </svg>
      </IconBase>
    </MdStar>
    <MdStar
      key="2"
    >
      <IconBase
        viewBox="0 0 40 40"
      >
        <svg
          fill="currentColor"
          height="1em"
          preserveAspectRatio="xMidYMid meet"
          style={
            Object {
              "color": undefined,
              "verticalAlign": "middle",
            }
          }
          viewBox="0 0 40 40"
          width="1em"
        >
          <g>
            <path
              d="m20 28.8l-10.3 6.2 2.7-11.7-9-7.9 11.9-1 4.7-11 4.7 11 11.9 1-9 7.9 2.7 11.7z"
            />
          </g>
        </svg>
      </IconBase>
    </MdStar>
  </div>
</star>
`;
